// Jest Snapshot v1, https://goo.gl/fbAQLP

exports[`Footer component Should render Footer component 1`] = `
<div
  className="footer"
>
  <p
    className="footer__copyright"
  >
    Built by Marina Civcija. Copyright Â© by Marina Civcija.
  </p>
</div>
`;
