// Jest Snapshot v1, https://goo.gl/fbAQLP

exports[`Spinner Should render Spinner 1`] = `
<div
  class="spinner-container"
>
  <div
    class="spinner"
  />
</div>
`;
