// Jest Snapshot v1, https://goo.gl/fbAQLP

exports[`FormButton component Should render FormButton component 1`] = `
<button>
  <span />
</button>
`;
