// Jest Snapshot v1, https://goo.gl/fbAQLP

exports[`FormInput component Should render FormInput component 1`] = `
<div
  className="class-1"
>
  <FormInputLabel>
    name
  </FormInputLabel>
  <br />
  <FormInputItem
    onChange={[MockFunction]}
  />
</div>
`;
