// Jest Snapshot v1, https://goo.gl/fbAQLP

exports[`Should render Member component 1`] = `
<div>
  <p>
    name
  </p>
</div>
`;
