// Jest Snapshot v1, https://goo.gl/fbAQLP

exports[`WelcomeTeaser component Should render WelcomeTeaser component 1`] = `
<div
  className="welcome-teaser"
  id="welcome_teaser"
>
  <SecondaryHeading
    text="Hello John!"
  />
  ;
</div>
`;
