// Jest Snapshot v1, https://goo.gl/fbAQLP

exports[`ErrorBoundary component Should render ErrorBoundary component 1`] = `""`;
