// Jest Snapshot v1, https://goo.gl/fbAQLP

exports[`App Should render App 1`] = `
<div
  className="app"
>
  <Connect(withRouter(HeaderComponent)) />
  <ErrorBoundary>
    <Switch>
      <Redirect
        exact={true}
        from="/"
        to="/home"
      />
      <Route
        component={
          Object {
            "$$typeof": Symbol(react.memo),
            "WrappedComponent": [Function],
            "compare": null,
            "displayName": "Connect(HomePage)",
            "type": [Function],
          }
        }
        path="/home"
      />
      <Route
        component={[Function]}
        exact={true}
        path="/login"
      />
      <Route
        component={[Function]}
      />
    </Switch>
  </ErrorBoundary>
  <Footer />
  <ToastContainer
    autoClose={5000}
    bodyClassName="toast-body"
    closeButton={[Function]}
    closeOnClick={true}
    draggable={true}
    draggablePercent={80}
    hideProgressBar={true}
    newestOnTop={false}
    pauseOnFocusLoss={true}
    pauseOnHover={true}
    position="bottom-right"
    role="alert"
    rtl={false}
    style={
      Object {
        "fontSize": "1.6rem",
      }
    }
    transition={[Function]}
  />
</div>
`;
